<*GNU-Linker-generated-mapfile*> 
generated for DSx86_32 platform 
collect2 version 5.2.0
C:/ProgramData/dSPACE/ad34425a-2298-40d1-8728-e06238c82a90/Compiler/QNX650_520/host/win32/x86/usr/bin/i486-pc-nto-qnx6.5.0-ld.exe -plugin c:/programdata/dspace/ad34425a-2298-40d1-8728-e06238c82a90/compiler/qnx650_520/host/win32/x86/usr/bin/../lib/gcc/i486-pc-nto-qnx6.5.0/5.2.0/liblto_plugin-0.dll -plugin-opt=c:/programdata/dspace/ad34425a-2298-40d1-8728-e06238c82a90/compiler/qnx650_520/host/win32/x86/usr/bin/../lib/gcc/i486-pc-nto-qnx6.5.0/5.2.0/lto-wrapper.exe -plugin-opt=-fresolution=C:\Users\yangyang.fu\AppData\Local\Temp\ccNH6ah5.res -plugin-opt=-pass-through=-lgcc -plugin-opt=-pass-through=-lc -plugin-opt=-pass-through=-lc -plugin-opt=-pass-through=-lgcc --sysroot=/opt/qnx650/target/qnx6/ --eh-frame-hdr --build-id=md5 -Y P,/opt/qnx650/target/qnx6//lib -Qy -m i386nto --dynamic-linker /usr/lib/ldqnx.so.2 C:\ProgramData\dSPACE\ad34425a-2298-40d1-8728-e06238c82a90\Compiler\QNX650_520\target\qnx6/x86/lib/crt1.o C:\ProgramData\dSPACE\ad34425a-2298-40d1-8728-e06238c82a90\Compiler\QNX650_520\target\qnx6/x86/lib/crti.o c:/programdata/dspace/ad34425a-2298-40d1-8728-e06238c82a90/compiler/qnx650_520/host/win32/x86/usr/bin/../lib/gcc/i486-pc-nto-qnx6.5.0/5.2.0/crtbegin.o -Lc:/programdata/dspace/ad34425a-2298-40d1-8728-e06238c82a90/compiler/qnx650_520/host/win32/x86/usr/bin/../lib/gcc/i486-pc-nto-qnx6.5.0/5.2.0 -Lc:/programdata/dspace/ad34425a-2298-40d1-8728-e06238c82a90/compiler/qnx650_520/host/win32/x86/usr/bin/../lib/gcc -L C:\ProgramData\dSPACE\ad34425a-2298-40d1-8728-e06238c82a90\Compiler\QNX650_520\target\qnx6/x86/lib/gcc/5.2.0 -L C:\ProgramData\dSPACE\ad34425a-2298-40d1-8728-e06238c82a90\Compiler\QNX650_520\target\qnx6/x86/lib -L C:\ProgramData\dSPACE\ad34425a-2298-40d1-8728-e06238c82a90\Compiler\QNX650_520\target\qnx6/x86/usr/lib -L C:\ProgramData\dSPACE\ad34425a-2298-40d1-8728-e06238c82a90\Compiler\QNX650_520\target\qnx6/x86/opt/lib -rpath-link C:\ProgramData\dSPACE\ad34425a-2298-40d1-8728-e06238c82a90\Compiler\QNX650_520\target\qnx6/x86/lib/gcc/5.2.0:C:\ProgramData\dSPACE\ad34425a-2298-40d1-8728-e06238c82a90\Compiler\QNX650_520\target\qnx6/x86/lib:C:\ProgramData\dSPACE\ad34425a-2298-40d1-8728-e06238c82a90\Compiler\QNX650_520\target\qnx6/x86/usr/lib:C:\ProgramData\dSPACE\ad34425a-2298-40d1-8728-e06238c82a90\Compiler\QNX650_520\target\qnx6/x86/opt/lib -v --unresolved-symbols=ignore-all -lstdc++ -lm -lgcc -lc -Bstatic -lc -lgcc c:/programdata/dspace/ad34425a-2298-40d1-8728-e06238c82a90/compiler/qnx650_520/host/win32/x86/usr/bin/../lib/gcc/i486-pc-nto-qnx6.5.0/5.2.0/crtend.o C:\ProgramData\dSPACE\ad34425a-2298-40d1-8728-e06238c82a90\Compiler\QNX650_520\target\qnx6/x86/lib/crtn.o
GNU ld (GNU Binutils) 2.25.1
Archive member included to satisfy reference by file (symbol)

D:\github\dspace-modelica-example\dSpacePlayAround\SineWave\Components\sine\sine_dsrt\sine.a(sine_dsrtmdlfcn.o86)
                              dssimengine_accesspoint.o86 (sine_DSRTInitMdl)
D:\github\dspace-modelica-example\dSpacePlayAround\SineWave\Components\sine\sine_dsrt\sine.a(sine_dsrttf.o86)
                              rtosal_task.o86 (sine_DSRTMdlOutputs0)
D:\github\dspace-modelica-example\dSpacePlayAround\SineWave\Components\sine\sine_dsrt\sine.a(sine.o86)
                              D:\github\dspace-modelica-example\dSpacePlayAround\SineWave\Components\sine\sine_dsrt\sine.a(sine_dsrttf.o86) (sine_output)
D:\github\dspace-modelica-example\dSpacePlayAround\SineWave\Components\sine\sine_dsrt\sine.a(sine_data.o86)
                              D:\github\dspace-modelica-example\dSpacePlayAround\SineWave\Components\sine\sine_dsrt\sine.a(sine.o86) (sine_P)
D:\github\dspace-modelica-example\dSpacePlayAround\SineWave\Components\sine\sine_dsrt\sine.a(sine_dsrtvdf.o86)
                              D:\github\dspace-modelica-example\dSpacePlayAround\SineWave\Components\sine\sine_dsrt\sine.a(sine.o86) (sine_rti_init_trc_pointers)
C:\Program Files\dSPACE RCPHIL 2020-A\SCALEXIO\Lib\libm_fastpow.a(w_pow.o)
                              C:\Program Files\dSPACE RCPHIL 2020-A\SCALEXIO\Lib/libDsRtLib.so (pow)
C:\Program Files\dSPACE RCPHIL 2020-A\SCALEXIO\Lib\libm_fastpow.a(e_pow.o)
                              C:\Program Files\dSPACE RCPHIL 2020-A\SCALEXIO\Lib\libm_fastpow.a(w_pow.o) (__ieee754_pow)

As-needed library included to satisfy reference by file (symbol)

libDsRealTimeTestingRP.so.1   rtosal_simengineap.o86 (dsrtt_mp_register_config)

Discarded input sections

 __x86.get_pc_thunk.dx
                0x0000000000000000        0x8 c:/programdata/dspace/ad34425a-2298-40d1-8728-e06238c82a90/compiler/qnx650_520/host/win32/x86/usr/bin/../lib/gcc/i486-pc-nto-qnx6.5.0/5.2.0/crtbegin.o
 __x86.get_pc_thunk.bx
                0x0000000000000000        0x8 c:/programdata/dspace/ad34425a-2298-40d1-8728-e06238c82a90/compiler/qnx650_520/host/win32/x86/usr/bin/../lib/gcc/i486-pc-nto-qnx6.5.0/5.2.0/crtbegin.o
 .group         0x0000000000000000        0x8 dssimengine_main.o86
 .group         0x0000000000000000        0x8 dssimengine_main.o86
 .group         0x0000000000000000        0x8 dssimengine_main.o86
 .group         0x0000000000000000        0x8 rtosal_task.o86
 .group         0x0000000000000000        0x8 rtosal_task.o86
 .group         0x0000000000000000        0x8 rtosal_task.o86
 __x86.get_pc_thunk.dx
                0x0000000000000000        0x8 c:/programdata/dspace/ad34425a-2298-40d1-8728-e06238c82a90/compiler/qnx650_520/host/win32/x86/usr/bin/../lib/gcc/i486-pc-nto-qnx6.5.0/5.2.0/crtend.o
 .text.__x86.get_pc_thunk.dx
                0x0000000000000000        0x4 c:/programdata/dspace/ad34425a-2298-40d1-8728-e06238c82a90/compiler/qnx650_520/host/win32/x86/usr/bin/../lib/gcc/i486-pc-nto-qnx6.5.0/5.2.0/crtend.o

Memory Configuration

Name             Origin             Length             Attributes
*default*        0x0000000000000000 0xffffffffffffffff

Linker script and memory map

LOAD C:\ProgramData\dSPACE\ad34425a-2298-40d1-8728-e06238c82a90\Compiler\QNX650_520\target\qnx6/x86/lib/crt1.o
LOAD C:\ProgramData\dSPACE\ad34425a-2298-40d1-8728-e06238c82a90\Compiler\QNX650_520\target\qnx6/x86/lib/crti.o
LOAD c:/programdata/dspace/ad34425a-2298-40d1-8728-e06238c82a90/compiler/qnx650_520/host/win32/x86/usr/bin/../lib/gcc/i486-pc-nto-qnx6.5.0/5.2.0/crtbegin.o
                0x0000000000000000                _DSPACE_START = 0x0
                0x0000000000000000                _DSPACE_START_ = 0x0
                0x00000000000009ce                DS_TARGET_PLATFORM = 0x9ce
START GROUP
LOAD mdladapter_mdlfunctions.o86
LOAD mdlCode_ap.o86
LOAD data_in_ap.o86
LOAD data_out_ap.o86
LOAD fm_entry_ap.o86
LOAD fm_exit_ap.o86
LOAD dssimengine_accesspoint.o86
LOAD dssimengine_api.o86
LOAD dssimengine_main.o86
LOAD rtosal_task.o86
LOAD rtosal_taskap.o86
LOAD rtosal_simengineap.o86
LOAD IOCode_Data.o86
LOAD dssimengine_accesspoint_Voltage_Out.o86
LOAD D:\github\dspace-modelica-example\dSpacePlayAround\SineWave\Components\sine\sine_dsrt\sine.a
LOAD C:\Program Files\dSPACE RCPHIL 2020-A\SCALEXIO\Lib/libdsanalogoutdrv.so
LOAD C:\Program Files\dSPACE RCPHIL 2020-A\SCALEXIO\Lib/libdscandrv.so
LOAD C:\Program Files\dSPACE RCPHIL 2020-A\SCALEXIO\Lib/libdslindrv.so
LOAD C:\Program Files\dSPACE RCPHIL 2020-A\SCALEXIO\Lib/libdsethernetinterfacemanagementdrv.so
END GROUP
LOAD C:\Program Files\dSPACE RCPHIL 2020-A\SCALEXIO\Lib/libDsRtLib.so
LOAD C:\Program Files\dSPACE RCPHIL 2020-A\SCALEXIO\Lib\libm_fastpow.a
LOAD C:\ProgramData\dSPACE\ad34425a-2298-40d1-8728-e06238c82a90\Compiler\QNX650_520\target\qnx6/x86/lib/gcc/5.2.0/libstdc++.so
LOAD C:\ProgramData\dSPACE\ad34425a-2298-40d1-8728-e06238c82a90\Compiler\QNX650_520\target\qnx6/x86/lib/libm.so
LOAD c:/programdata/dspace/ad34425a-2298-40d1-8728-e06238c82a90/compiler/qnx650_520/host/win32/x86/usr/bin/../lib/gcc/i486-pc-nto-qnx6.5.0/5.2.0\libgcc.a
LOAD C:\ProgramData\dSPACE\ad34425a-2298-40d1-8728-e06238c82a90\Compiler\QNX650_520\target\qnx6/x86/lib/libc.so
LOAD C:\ProgramData\dSPACE\ad34425a-2298-40d1-8728-e06238c82a90\Compiler\QNX650_520\target\qnx6/x86/lib\libc.a
LOAD c:/programdata/dspace/ad34425a-2298-40d1-8728-e06238c82a90/compiler/qnx650_520/host/win32/x86/usr/bin/../lib/gcc/i486-pc-nto-qnx6.5.0/5.2.0\libgcc.a
LOAD c:/programdata/dspace/ad34425a-2298-40d1-8728-e06238c82a90/compiler/qnx650_520/host/win32/x86/usr/bin/../lib/gcc/i486-pc-nto-qnx6.5.0/5.2.0/crtend.o
LOAD C:\ProgramData\dSPACE\ad34425a-2298-40d1-8728-e06238c82a90\Compiler\QNX650_520\target\qnx6/x86/lib/crtn.o
                [!provide]                        PROVIDE (__executable_start, 0x8048000)
                0x0000000008048134                . = (0x8048000 + SIZEOF_HEADERS)

.interp         0x0000000008048134       0x14
 *(.interp)
 .interp        0x0000000008048134       0x14 C:\ProgramData\dSPACE\ad34425a-2298-40d1-8728-e06238c82a90\Compiler\QNX650_520\target\qnx6/x86/lib/crt1.o

.note           0x0000000008048148       0x18
 .note          0x0000000008048148       0x18 C:\ProgramData\dSPACE\ad34425a-2298-40d1-8728-e06238c82a90\Compiler\QNX650_520\target\qnx6/x86/lib/crtn.o

.note.gnu.build-id
                0x0000000008048160       0x20
 *(.note.gnu.build-id)
 .note.gnu.build-id
                0x0000000008048160       0x20 C:\ProgramData\dSPACE\ad34425a-2298-40d1-8728-e06238c82a90\Compiler\QNX650_520\target\qnx6/x86/lib/crt1.o

.hash           0x0000000008048180      0x230
 *(.hash)
 .hash          0x0000000008048180      0x230 C:\ProgramData\dSPACE\ad34425a-2298-40d1-8728-e06238c82a90\Compiler\QNX650_520\target\qnx6/x86/lib/crt1.o

.gnu.hash
 *(.gnu.hash)

.dynsym         0x00000000080483b0      0x470
 *(.dynsym)
 .dynsym        0x00000000080483b0      0x470 C:\ProgramData\dSPACE\ad34425a-2298-40d1-8728-e06238c82a90\Compiler\QNX650_520\target\qnx6/x86/lib/crt1.o

.dynstr         0x0000000008048820      0x985
 *(.dynstr)
 .dynstr        0x0000000008048820      0x985 C:\ProgramData\dSPACE\ad34425a-2298-40d1-8728-e06238c82a90\Compiler\QNX650_520\target\qnx6/x86/lib/crt1.o

.gnu.version    0x00000000080491a6        0x0
 *(.gnu.version)
 .gnu.version   0x00000000080491a6        0x0 C:\ProgramData\dSPACE\ad34425a-2298-40d1-8728-e06238c82a90\Compiler\QNX650_520\target\qnx6/x86/lib/crt1.o

.gnu.version_d  0x00000000080491a8        0x0
 *(.gnu.version_d)
 .gnu.version_d
                0x00000000080491a8        0x0 C:\ProgramData\dSPACE\ad34425a-2298-40d1-8728-e06238c82a90\Compiler\QNX650_520\target\qnx6/x86/lib/crt1.o

.gnu.version_r  0x00000000080491a8        0x0
 *(.gnu.version_r)
 .gnu.version_r
                0x00000000080491a8        0x0 C:\ProgramData\dSPACE\ad34425a-2298-40d1-8728-e06238c82a90\Compiler\QNX650_520\target\qnx6/x86/lib/crt1.o

.rel.dyn        0x00000000080491a8       0x50
 *(.rel.init)
 *(.rel.text .rel.text.* .rel.gnu.linkonce.t.*)
 .rel.text      0x00000000080491a8        0x0 C:\ProgramData\dSPACE\ad34425a-2298-40d1-8728-e06238c82a90\Compiler\QNX650_520\target\qnx6/x86/lib/crt1.o
 .rel.text.startup
                0x00000000080491a8        0x0 C:\ProgramData\dSPACE\ad34425a-2298-40d1-8728-e06238c82a90\Compiler\QNX650_520\target\qnx6/x86/lib/crt1.o
 *(.rel.fini)
 *(.rel.rodata .rel.rodata.* .rel.gnu.linkonce.r.*)
 .rel.rodata._ZTI18DsCApplicationMain
                0x00000000080491a8        0x0 C:\ProgramData\dSPACE\ad34425a-2298-40d1-8728-e06238c82a90\Compiler\QNX650_520\target\qnx6/x86/lib/crt1.o
 .rel.rodata._ZTV18DsCApplicationMain
                0x00000000080491a8        0x0 C:\ProgramData\dSPACE\ad34425a-2298-40d1-8728-e06238c82a90\Compiler\QNX650_520\target\qnx6/x86/lib/crt1.o
 .rel.rodata._ZTI24DsCRtosAlPeriodic_Task_1
                0x00000000080491a8        0x0 C:\ProgramData\dSPACE\ad34425a-2298-40d1-8728-e06238c82a90\Compiler\QNX650_520\target\qnx6/x86/lib/crt1.o
 .rel.rodata._ZTV24DsCRtosAlPeriodic_Task_1
                0x00000000080491a8        0x0 C:\ProgramData\dSPACE\ad34425a-2298-40d1-8728-e06238c82a90\Compiler\QNX650_520\target\qnx6/x86/lib/crt1.o
 *(.rel.data.rel.ro .rel.data.rel.ro.* .rel.gnu.linkonce.d.rel.ro.*)
 *(.rel.data .rel.data.* .rel.gnu.linkonce.d.*)
 *(.rel.tdata .rel.tdata.* .rel.gnu.linkonce.td.*)
 *(.rel.tbss .rel.tbss.* .rel.gnu.linkonce.tb.*)
 *(.rel.ctors)
 *(.rel.dtors)
 *(.rel.got)
 .rel.got       0x00000000080491a8       0x30 C:\ProgramData\dSPACE\ad34425a-2298-40d1-8728-e06238c82a90\Compiler\QNX650_520\target\qnx6/x86/lib/crt1.o
 *(.rel.sdata .rel.sdata.* .rel.gnu.linkonce.s.*)
 *(.rel.sbss .rel.sbss.* .rel.gnu.linkonce.sb.*)
 *(.rel.sdata2 .rel.sdata2.* .rel.gnu.linkonce.s2.*)
 *(.rel.sbss2 .rel.sbss2.* .rel.gnu.linkonce.sb2.*)
 *(.rel.bss .rel.bss.* .rel.gnu.linkonce.b.*)
 .rel.bss       0x00000000080491d8       0x20 C:\ProgramData\dSPACE\ad34425a-2298-40d1-8728-e06238c82a90\Compiler\QNX650_520\target\qnx6/x86/lib/crt1.o
                [!provide]                        PROVIDE (__rel_iplt_start, .)
 *(.rel.iplt)
 .rel.iplt      0x00000000080491f8        0x0 C:\ProgramData\dSPACE\ad34425a-2298-40d1-8728-e06238c82a90\Compiler\QNX650_520\target\qnx6/x86/lib/crt1.o
                [!provide]                        PROVIDE (__rel_iplt_end, .)
 .rel.eh_frame  0x00000000080491f8        0x0 C:\ProgramData\dSPACE\ad34425a-2298-40d1-8728-e06238c82a90\Compiler\QNX650_520\target\qnx6/x86/lib/crt1.o

.rel.plt        0x00000000080491f8      0x1c0
 *(.rel.plt)
 .rel.plt       0x00000000080491f8      0x1c0 C:\ProgramData\dSPACE\ad34425a-2298-40d1-8728-e06238c82a90\Compiler\QNX650_520\target\qnx6/x86/lib/crt1.o

.init           0x00000000080493b8        0xd
 *(SORT(.init))
 .init          0x00000000080493b8        0x0 C:\ProgramData\dSPACE\ad34425a-2298-40d1-8728-e06238c82a90\Compiler\QNX650_520\target\qnx6/x86/lib/crti.o
                0x00000000080493b8                _init
 .init          0x00000000080493b8        0x5 c:/programdata/dspace/ad34425a-2298-40d1-8728-e06238c82a90/compiler/qnx650_520/host/win32/x86/usr/bin/../lib/gcc/i486-pc-nto-qnx6.5.0/5.2.0/crtbegin.o
 .init          0x00000000080493bd        0x5 c:/programdata/dspace/ad34425a-2298-40d1-8728-e06238c82a90/compiler/qnx650_520/host/win32/x86/usr/bin/../lib/gcc/i486-pc-nto-qnx6.5.0/5.2.0/crtend.o
 .init          0x00000000080493c2        0x3 C:\ProgramData\dSPACE\ad34425a-2298-40d1-8728-e06238c82a90\Compiler\QNX650_520\target\qnx6/x86/lib/crtn.o

.plt            0x00000000080493d0      0x390
 *(.plt)
 .plt           0x00000000080493d0      0x390 C:\ProgramData\dSPACE\ad34425a-2298-40d1-8728-e06238c82a90\Compiler\QNX650_520\target\qnx6/x86/lib/crt1.o
                0x00000000080493e0                _ZN7DsCTask10daqServiceEj
                0x00000000080493f0                __register_frame_info
                0x0000000008049400                _Z18dsrtt_set_rtt_taskP7DsCTask
                0x0000000008049410                _ZN14DsCApplication15createErrorListEv
                0x0000000008049420                _ZN7DsCTask11bindTriggerER16DsCErrorListPoolP8DsCTimer
                0x0000000008049430                _ZN14DsCApplication16setIoResourceMapER16DsCErrorListPoolPv
                0x0000000008049440                _ZN11DsCIoDriver7setNameER16DsCErrorListPoolPKc
                0x0000000008049450                _ZN11DsCIoDriver13bindIoChannelER16DsCErrorListPoolP12DsCIoChanneljj
                0x0000000008049460                _ZN14DsCApplicationC2ER16DsCErrorListPool
                0x0000000008049470                _ZN18DsCIoFuncAnalogOut18setNoiseGenerationER16DsCErrorListPoolj
                0x0000000008049480                dsrtt_mp_register_config
                0x0000000008049490                _ZN12DsCFcnModule12updateInputsEv
                0x00000000080494a0                _ZN7DsCTaskC2ER16DsCErrorListPoolP14DsCApplicationPKcjjjjjjjPS_j
                0x00000000080494b0                __wrap_printf
                0x00000000080494c0                _ZN18DsCIoFuncAnalogOut18setOutputInterfaceER16DsCErrorListPoolj
                0x00000000080494d0                __cxa_finalize
                0x00000000080494e0                _ZN14DsCApplicationD2Ev
                0x00000000080494f0                _ZdlPv
                0x0000000008049500                _init_array
                0x0000000008049510                _ZN12DsCFcnModule13updateOutputsEv
                0x0000000008049520                _ZN23DsNApplicationInterface16registerResourceEPKcPv
                0x0000000008049530                _ZN23DsNApplicationInterface12registerApplEPv
                0x0000000008049540                dsrtt_script_service_post_computation
                0x0000000008049550                snprintf
                0x0000000008049560                _ZN12DsCFcnModule10bindDriverER16DsCErrorListPoolP11DsCIoDriver
                0x0000000008049570                _ZN12DsCIoChannel11getInstanceER16DsCErrorListPoolPK22DsSIonetChannelAddress
                0x0000000008049580                atexit
                0x0000000008049590                _ZN7DsCTask14getCallCounterEv
                0x00000000080495a0                __gxx_personality_v0
                0x00000000080495b0                _Unwind_Resume
                0x00000000080495c0                _ZN7DsCTask18setSimTimeVariableEPd
                0x00000000080495d0                _init_libc
                0x00000000080495e0                _ZN14DsCApplication12setSlowStartER16DsCErrorListPooldd
                0x00000000080495f0                _ZN14DsCApplication4stopEv
                0x0000000008049600                _ZN7DsCTaskD2Ev
                0x0000000008049610                _ZN7DsCTask17getOverrunCounterEv
                0x0000000008049620                dsrtt_script_service_pre_computation
                0x0000000008049630                _ZN7DsCTask28setDeadlineViolationFunctionER16DsCErrorListPoolPFvS1_PS_E
                0x0000000008049640                _Sin
                0x0000000008049650                _ZN18DsCIoFuncAnalogOut6createER16DsCErrorListPoolP14DsCApplication
                0x0000000008049660                __wrap_exit
                0x0000000008049670                _fini_array
                0x0000000008049680                _preinit_array
                0x0000000008049690                _ZN7DsCTask14getDescriptionEv
                0x00000000080496a0                _ZN14DsCApplication9terminateEv
                0x00000000080496b0                _ZN12DsCFcnModule6createER16DsCErrorListPoolP14DsCApplicationPKc
                0x00000000080496c0                _ZN7DsCTask16setTaskVariablesER16DsCErrorListPoolP25tagDsSKernelTaskVariables
                0x00000000080496d0                dsrtt_set_step_size
                0x00000000080496e0                _ZN8DsCTimer6createER16DsCErrorListPoolddPKc
                0x00000000080496f0                _ZN14DsCApplication18getDiagnosticBlockER16DsCErrorListPool
                0x0000000008049700                _Znwj
                0x0000000008049710                _ZN14DsCApplication12errorMessageEhjjPKcjjS1_S1_z
                0x0000000008049720                _ZN7DsCTask13bindFcnModuleER16DsCErrorListPoolP12DsCFcnModule
                0x0000000008049730                _ZN14DsCApplication25getFailureSimulationBlockER16DsCErrorListPool
                0x0000000008049740                main
                0x0000000008049750                __deregister_frame_info

.iplt           0x0000000008049760        0x0
 *(.iplt)
 .iplt          0x0000000008049760        0x0 C:\ProgramData\dSPACE\ad34425a-2298-40d1-8728-e06238c82a90\Compiler\QNX650_520\target\qnx6/x86/lib/crt1.o

.text           0x0000000008049760     0x1c34
                0x0000000008049760                _btext = .
 *(.text.unlikely .text.*_unlikely .text.unlikely.*)
 .text.unlikely
                0x0000000008049760        0x0 c:/programdata/dspace/ad34425a-2298-40d1-8728-e06238c82a90/compiler/qnx650_520/host/win32/x86/usr/bin/../lib/gcc/i486-pc-nto-qnx6.5.0/5.2.0/crtbegin.o
 .text.unlikely
                0x0000000008049760        0x0 mdladapter_mdlfunctions.o86
 .text.unlikely
                0x0000000008049760        0x0 data_out_ap.o86
 .text.unlikely
                0x0000000008049760        0x0 fm_entry_ap.o86
 .text.unlikely
                0x0000000008049760        0x0 fm_exit_ap.o86
 .text.unlikely
                0x0000000008049760        0x0 dssimengine_accesspoint.o86
 .text.unlikely
                0x0000000008049760        0x0 dssimengine_api.o86
 .text.unlikely
                0x0000000008049760        0x0 dssimengine_main.o86
 .text.unlikely
                0x0000000008049760        0x0 rtosal_task.o86
 .text.unlikely
                0x0000000008049760        0x0 rtosal_taskap.o86
 .text.unlikely
                0x0000000008049760        0x0 rtosal_simengineap.o86
 .text.unlikely
                0x0000000008049760        0x0 IOCode_Data.o86
 .text.unlikely
                0x0000000008049760        0x0 dssimengine_accesspoint_Voltage_Out.o86
 .text.unlikely
                0x0000000008049760        0x0 D:\github\dspace-modelica-example\dSpacePlayAround\SineWave\Components\sine\sine_dsrt\sine.a(sine_dsrtmdlfcn.o86)
 .text.unlikely
                0x0000000008049760        0x0 D:\github\dspace-modelica-example\dSpacePlayAround\SineWave\Components\sine\sine_dsrt\sine.a(sine_dsrttf.o86)
 .text.unlikely
                0x0000000008049760        0x0 D:\github\dspace-modelica-example\dSpacePlayAround\SineWave\Components\sine\sine_dsrt\sine.a(sine.o86)
 .text.unlikely
                0x0000000008049760        0x0 c:/programdata/dspace/ad34425a-2298-40d1-8728-e06238c82a90/compiler/qnx650_520/host/win32/x86/usr/bin/../lib/gcc/i486-pc-nto-qnx6.5.0/5.2.0/crtend.o
 *(.text.exit .text.exit.*)
 *(.text.startup .text.startup.*)
 .text.startup  0x0000000008049760       0x31 dssimengine_main.o86
                0x0000000008049760                _Z32__registerApplDsCApplicationMainv
 *fill*         0x0000000008049791        0xf 9090
 .text.startup  0x00000000080497a0       0x13 rtosal_simengineap.o86
                0x00000000080497a0                _Z21__registerRTTMPConfigv
 *fill*         0x00000000080497b3        0xd 9090
 .text.startup  0x00000000080497c0       0x16 IOCode_Data.o86
                0x00000000080497c0                _Z31__registerResourceg_ResourceMapv
 *(.text.hot .text.hot.*)
 *(.text .stub .text.* .gnu.linkonce.t.*)
 *fill*         0x00000000080497d6        0x2 9090
 .text          0x00000000080497d8       0x91 C:\ProgramData\dSPACE\ad34425a-2298-40d1-8728-e06238c82a90\Compiler\QNX650_520\target\qnx6/x86/lib/crt1.o
                0x00000000080497e0                _start
 *fill*         0x0000000008049869        0x3 9090
 .text          0x000000000804986c        0x0 C:\ProgramData\dSPACE\ad34425a-2298-40d1-8728-e06238c82a90\Compiler\QNX650_520\target\qnx6/x86/lib/crti.o
 *fill*         0x000000000804986c        0x4 9090
 .text          0x0000000008049870      0x1a5 c:/programdata/dspace/ad34425a-2298-40d1-8728-e06238c82a90/compiler/qnx650_520/host/win32/x86/usr/bin/../lib/gcc/i486-pc-nto-qnx6.5.0/5.2.0/crtbegin.o
 .text.__x86.get_pc_thunk.dx
                0x0000000008049a15        0x4 c:/programdata/dspace/ad34425a-2298-40d1-8728-e06238c82a90/compiler/qnx650_520/host/win32/x86/usr/bin/../lib/gcc/i486-pc-nto-qnx6.5.0/5.2.0/crtbegin.o
                0x0000000008049a15                __x86.get_pc_thunk.dx
 .text.__x86.get_pc_thunk.bx
                0x0000000008049a19        0x4 c:/programdata/dspace/ad34425a-2298-40d1-8728-e06238c82a90/compiler/qnx650_520/host/win32/x86/usr/bin/../lib/gcc/i486-pc-nto-qnx6.5.0/5.2.0/crtbegin.o
                0x0000000008049a19                __x86.get_pc_thunk.bx
 *fill*         0x0000000008049a1d        0x3 9090
 .text          0x0000000008049a20       0x45 mdladapter_mdlfunctions.o86
                0x0000000008049a20                sine_APTerminateSimulation
                0x0000000008049a30                sine_APLastApplStateStopped
                0x0000000008049a50                sine_APStopSimulation
                0x0000000008049a60                sine_APPrintMessage
 .text          0x0000000008049a65        0x0 mdlCode_ap.o86
 .text          0x0000000008049a65        0x0 data_in_ap.o86
 *fill*         0x0000000008049a65        0xb 9090
 .text          0x0000000008049a70       0x22 data_out_ap.o86
                0x0000000008049a80                ap_write_sine_DataOutport1_P1_S1
 .text          0x0000000008049a92       0x12 fm_entry_ap.o86
                0x0000000008049a92                ap_entry_sine_SIDRoot_TID0
 .text          0x0000000008049aa4       0x12 fm_exit_ap.o86
                0x0000000008049aa4                ap_exit_sine_SIDRoot_TID0
 *fill*         0x0000000008049ab6        0xa 9090
 .text          0x0000000008049ac0      0x405 dssimengine_accesspoint.o86
                0x0000000008049ac0                ApSimEngineOnInit
                0x0000000008049bc0                ApSimEngineOnStart
                0x0000000008049c00                ApSimEngineOnStop
                0x0000000008049c20                ApSimEngineOnTerminate
                0x0000000008049c30                ApSimEngineOnUnload
                0x0000000008049c40                ApSimEngineOnInitMdl
                0x0000000008049c50                ApSimEngineOnStartMdl
                0x0000000008049c60                ApSimEngineOnStopMdl
                0x0000000008049c70                ApSimEngineOnTerminateMdl
                0x0000000008049c80                ApSimEngineOnUnloadMdl
                0x0000000008049c90                ApSimEngineOnInitImc
                0x0000000008049ca0                ApSimEngineOnStartImc
                0x0000000008049cb0                ApSimEngineOnStopImc
                0x0000000008049cc0                ApSimEngineOnTerminateImc
                0x0000000008049cd0                ApSimEngineOnUnloadImc
                0x0000000008049ce0                ApSimEngineOnInitIoPreRtosInit
                0x0000000008049d20                ApSimEngineOnInitIoPostRtosInit
                0x0000000008049d40                ApSimEngineOnInitHwDiagnostics
                0x0000000008049dd0                ApSimEngineOnStartIo
                0x0000000008049e10                ApSimEngineOnStopIo
                0x0000000008049e20                ApSimEngineOnTerminateIo
                0x0000000008049e30                ApSimEngineOnUnloadIo
                0x0000000008049e40                ApSimEngineOnInitRtos
                0x0000000008049e70                ApSimEngineOnStartRtos
                0x0000000008049e80                ApSimEngineOnStopRtos
                0x0000000008049e90                ApSimEngineOnTerminateRtos
                0x0000000008049ea0                ApSimEngineOnUnloadRtos
                0x0000000008049eb0                ApSimEngineIdle
                0x0000000008049ec0                _Z22ApSimEngineRunTimeInitR16DsCErrorListPooli
 *fill*         0x0000000008049ec5        0xb 9090
 .text          0x0000000008049ed0       0x56 dssimengine_api.o86
                0x0000000008049ed0                _Z25SimEngineLastApplStateGetv
                0x0000000008049ee0                _Z17SimEngineApplStopv
                0x0000000008049f00                _Z22SimEngineApplTerminatev
                0x0000000008049f20                _Z16SimEngineApplGetv
 *fill*         0x0000000008049f26        0xa 9090
 .text          0x0000000008049f30      0x1a3 dssimengine_main.o86
                0x0000000008049f30                destroyApplication
                0x0000000008049f60                getApplicationErrorList
                0x0000000008049f70                _ZN18DsCApplicationMainD1Ev
                0x0000000008049f70                _ZN18DsCApplicationMainD2Ev
                0x0000000008049f90                _ZN18DsCApplicationMainD0Ev
                0x0000000008049fc0                createApplication
                0x000000000804a010                _ZN18DsCApplicationMain6onInitER16DsCErrorListPool
                0x000000000804a030                _ZN18DsCApplicationMain7onStartER16DsCErrorListPool
                0x000000000804a050                _ZN18DsCApplicationMain6onStopER16DsCErrorListPool
                0x000000000804a070                _ZN18DsCApplicationMain11onTerminateER16DsCErrorListPool
                0x000000000804a090                _ZN18DsCApplicationMain8onUnloadER16DsCErrorListPool
                0x000000000804a0a0                _ZN18DsCApplicationMain6onIdleER16DsCErrorListPool
                0x000000000804a0b0                _ZN18DsCApplicationMainC1ER16DsCErrorListPool
                0x000000000804a0b0                _ZN18DsCApplicationMainC2ER16DsCErrorListPool
 *fill*         0x000000000804a0d3        0xd 9090
 .text          0x000000000804a0e0      0x2ea rtosal_task.o86
                0x000000000804a0e0                _ZN24DsCRtosAlPeriodic_Task_1D1Ev
                0x000000000804a0e0                _ZN24DsCRtosAlPeriodic_Task_1D2Ev
                0x000000000804a0f0                _ZN24DsCRtosAlPeriodic_Task_1D0Ev
                0x000000000804a120                _ZN24DsCRtosAlPeriodic_Task_15onRunER16DsCErrorListPool
                0x000000000804a160                _ZN24DsCRtosAlPeriodic_Task_19onOverrunER16DsCErrorListPool
                0x000000000804a1f0                _ZN24DsCRtosAlPeriodic_Task_1C2ER16DsCErrorListPoolP14DsCApplicationPKcjjjjjjjP7DsCTaskj
                0x000000000804a1f0                _ZN24DsCRtosAlPeriodic_Task_1C1ER16DsCErrorListPoolP14DsCApplicationPKcjjjjjjjP7DsCTaskj
                0x000000000804a240                _ZN24DsCRtosAlPeriodic_Task_16createER16DsCErrorListPoolP14DsCApplicationPKcjjjjjjjP7DsCTaskj
                0x000000000804a2c0                _Z37RtosAlDefaultDeadlineViolationHandlerR16DsCErrorListPoolP7DsCTask
                0x000000000804a330                _Z20RtosAlHandleOverrunsP7DsCTaski
 *fill*         0x000000000804a3ca        0x6 9090
 .text          0x000000000804a3d0       0x78 rtosal_taskap.o86
                0x000000000804a3d0                RtosAlTask_01_TaskEntry
                0x000000000804a3e0                RtosAlTask_01_TaskExit
 *fill*         0x000000000804a448        0x8 9090
 .text          0x000000000804a450      0x1f4 rtosal_simengineap.o86
                0x000000000804a450                _Z12RtosAlOnInitR16DsCErrorListPool
                0x000000000804a500                _Z13RtosAlOnStartR16DsCErrorListPool
 .text          0x000000000804a644        0x0 IOCode_Data.o86
 *fill*         0x000000000804a644        0xc 9090
 .text          0x000000000804a650       0xf8 dssimengine_accesspoint_Voltage_Out.o86
                0x000000000804a650                _Z44ApSimEngineRunTimeInit_ctlcBODY_0_VoltageOutR16DsCErrorListPool
                0x000000000804a670                _Z42ApSimEngineOnStartIo_ctlcBODY_0_VoltageOutR16DsCErrorListPool
                0x000000000804a690                _Z41ApSimEngineOnStopIo_ctlcBODY_0_VoltageOutR16DsCErrorListPool
                0x000000000804a6b0                _Z52ApSimEngineOnInitIoPreRtosInit_ctlcBODY_2_VoltageOutR16DsCErrorListPoolP14DsCApplication
                0x000000000804a6d0                _Z53ApSimEngineOnInitIoPostRtosInit_ctlcBODY_0_VoltageOutR16DsCErrorListPool
 *fill*         0x000000000804a748        0x8 9090
 .text          0x000000000804a750      0x1a4 D:\github\dspace-modelica-example\dSpacePlayAround\SineWave\Components\sine\sine_dsrt\sine.a(sine_dsrtmdlfcn.o86)
                0x000000000804a750                sine_DSRTInitMdl
                0x000000000804a7a0                sine_DSRTStartMdl
                0x000000000804a820                sine_DSRTStopMdl
                0x000000000804a870                sine_DSRTCheckForErrorStatus
                0x000000000804a8b0                sine_DSRTCheckForSimulationStopCondition
 *fill*         0x000000000804a8f4        0xc 9090
 .text          0x000000000804a900       0x15 D:\github\dspace-modelica-example\dSpacePlayAround\SineWave\Components\sine\sine_dsrt\sine.a(sine_dsrttf.o86)
                0x000000000804a900                sine_DSRTMdlOutputs0
                0x000000000804a910                sine_DSRTMdlUpdate0
 *fill*         0x000000000804a915        0xb 9090
 .text          0x000000000804a920      0x291 D:\github\dspace-modelica-example\dSpacePlayAround\SineWave\Components\sine\sine_dsrt\sine.a(sine.o86)
                0x000000000804a920                sine_output
                0x000000000804aac0                sine_update
                0x000000000804ab30                sine_initialize
                0x000000000804abb0                sine_terminate
 .text          0x000000000804abb1        0x0 D:\github\dspace-modelica-example\dSpacePlayAround\SineWave\Components\sine\sine_dsrt\sine.a(sine_data.o86)
 .text          0x000000000804abb1       0x31 D:\github\dspace-modelica-example\dSpacePlayAround\SineWave\Components\sine\sine_dsrt\sine.a(sine_dsrtvdf.o86)
                0x000000000804abdb                sine_rti_init_trc_pointers
 *fill*         0x000000000804abe2        0x2 9090
 .text          0x000000000804abe4        0xb C:\Program Files\dSPACE RCPHIL 2020-A\SCALEXIO\Lib\libm_fastpow.a(w_pow.o)
                0x000000000804abe4                pow
 *fill*         0x000000000804abef        0x1 9090
 .text          0x000000000804abf0      0x75d C:\Program Files\dSPACE RCPHIL 2020-A\SCALEXIO\Lib\libm_fastpow.a(e_pow.o)
                0x000000000804abf0                __ieee754_pow
 *fill*         0x000000000804b34d        0x3 9090
 .text          0x000000000804b350       0x43 c:/programdata/dspace/ad34425a-2298-40d1-8728-e06238c82a90/compiler/qnx650_520/host/win32/x86/usr/bin/../lib/gcc/i486-pc-nto-qnx6.5.0/5.2.0/crtend.o
 *fill*         0x000000000804b393        0x1 9090
 .text          0x000000000804b394        0x0 C:\ProgramData\dSPACE\ad34425a-2298-40d1-8728-e06238c82a90\Compiler\QNX650_520\target\qnx6/x86/lib/crtn.o
 *(.gnu.warning)

.fini           0x000000000804b394        0x8
 *(SORT(.fini))
 .fini          0x000000000804b394        0x0 C:\ProgramData\dSPACE\ad34425a-2298-40d1-8728-e06238c82a90\Compiler\QNX650_520\target\qnx6/x86/lib/crti.o
                0x000000000804b394                _fini
 .fini          0x000000000804b394        0x5 c:/programdata/dspace/ad34425a-2298-40d1-8728-e06238c82a90/compiler/qnx650_520/host/win32/x86/usr/bin/../lib/gcc/i486-pc-nto-qnx6.5.0/5.2.0/crtbegin.o
 .fini          0x000000000804b399        0x3 C:\ProgramData\dSPACE\ad34425a-2298-40d1-8728-e06238c82a90\Compiler\QNX650_520\target\qnx6/x86/lib/crtn.o
                [!provide]                        PROVIDE (__etext, .)
                [!provide]                        PROVIDE (_etext, .)
                [!provide]                        PROVIDE (etext, .)

.rodata         0x000000000804b3a0      0x3f8
 *(.rodata .rodata.* .gnu.linkonce.r.*)
 .rodata._ZTS18DsCApplicationMain
                0x000000000804b3a0       0x15 dssimengine_main.o86
                0x000000000804b3a0                _ZTS18DsCApplicationMain
 *fill*         0x000000000804b3b5        0x3 
 .rodata._ZTI18DsCApplicationMain
                0x000000000804b3b8        0xc dssimengine_main.o86
                0x000000000804b3b8                _ZTI18DsCApplicationMain
 .rodata._ZTV18DsCApplicationMain
                0x000000000804b3c4       0x28 dssimengine_main.o86
                0x000000000804b3c4                _ZTV18DsCApplicationMain
 .rodata.str1.1
                0x000000000804b3ec       0x28 dssimengine_main.o86
 .rodata.str1.1
                0x000000000804b414       0x1a rtosal_task.o86
 *fill*         0x000000000804b42e        0x2 
 .rodata.str1.4
                0x000000000804b430       0xc6 rtosal_task.o86
 *fill*         0x000000000804b4f6        0xa 
 .rodata        0x000000000804b500       0x46 rtosal_task.o86
 *fill*         0x000000000804b546        0x2 
 .rodata._ZTS24DsCRtosAlPeriodic_Task_1
                0x000000000804b548       0x1b rtosal_task.o86
                0x000000000804b548                _ZTS24DsCRtosAlPeriodic_Task_1
 *fill*         0x000000000804b563        0x1 
 .rodata._ZTI24DsCRtosAlPeriodic_Task_1
                0x000000000804b564        0xc rtosal_task.o86
                0x000000000804b564                _ZTI24DsCRtosAlPeriodic_Task_1
 .rodata._ZTV24DsCRtosAlPeriodic_Task_1
                0x000000000804b570       0x18 rtosal_task.o86
                0x000000000804b570                _ZTV24DsCRtosAlPeriodic_Task_1
 .rodata.cst4   0x000000000804b588        0x4 rtosal_taskap.o86
 *fill*         0x000000000804b58c        0x4 
 .rodata.cst8   0x000000000804b590        0x8 rtosal_taskap.o86
 .rodata.str1.4
                0x000000000804b598       0x62 rtosal_simengineap.o86
 .rodata.str1.1
                0x000000000804b5fa       0x36 rtosal_simengineap.o86
 .rodata        0x000000000804b630        0xe rtosal_simengineap.o86
 *fill*         0x000000000804b63e        0x2 
 .rodata.cst8   0x000000000804b640        0x8 rtosal_simengineap.o86
 .rodata.str1.1
                0x000000000804b648        0xe IOCode_Data.o86
 .rodata.str1.1
                0x000000000804b656        0xb dssimengine_accesspoint_Voltage_Out.o86
 .rodata.str1.1
                0x000000000804b661       0x14 D:\github\dspace-modelica-example\dSpacePlayAround\SineWave\Components\sine\sine_dsrt\sine.a(sine_dsrtmdlfcn.o86)
 *fill*         0x000000000804b675        0x3 
 .rodata.str1.4
                0x000000000804b678       0x24 D:\github\dspace-modelica-example\dSpacePlayAround\SineWave\Components\sine\sine_dsrt\sine.a(sine_dsrtmdlfcn.o86)
                                         0x23 (size before relaxing)
 .rodata        0x000000000804b69c        0x4 D:\github\dspace-modelica-example\dSpacePlayAround\SineWave\Components\sine\sine_dsrt\sine.a(sine.o86)
                0x000000000804b69c                sine_M
 .rodata.cst8   0x000000000804b6a0       0x10 D:\github\dspace-modelica-example\dSpacePlayAround\SineWave\Components\sine\sine_dsrt\sine.a(sine.o86)
                                         0x18 (size before relaxing)
 .rodata        0x000000000804b6b0       0x30 C:\Program Files\dSPACE RCPHIL 2020-A\SCALEXIO\Lib\libm_fastpow.a(e_pow.o)
 .rodata.cst4   0x000000000804b6e0       0x28 C:\Program Files\dSPACE RCPHIL 2020-A\SCALEXIO\Lib\libm_fastpow.a(e_pow.o)
 .rodata.cst8   0x000000000804b708       0x90 C:\Program Files\dSPACE RCPHIL 2020-A\SCALEXIO\Lib\libm_fastpow.a(e_pow.o)

.rodata1
 *(.rodata1)

.sdata2
 *(.sdata2 .sdata2.* .gnu.linkonce.s2.*)

.sbss2
 *(.sbss2 .sbss2.* .gnu.linkonce.sb2.*)

.eh_frame_hdr   0x000000000804b798      0x2cc
 *(.eh_frame_hdr)
 .eh_frame_hdr  0x000000000804b798      0x2cc mdladapter_mdlfunctions.o86

.eh_frame       0x000000000804ba64     0x13f8
 *(.eh_frame)
 .eh_frame      0x000000000804ba64       0x3c C:\ProgramData\dSPACE\ad34425a-2298-40d1-8728-e06238c82a90\Compiler\QNX650_520\target\qnx6/x86/lib/crt1.o
                                         0x40 (size before relaxing)
 .eh_frame      0x000000000804baa0        0x0 c:/programdata/dspace/ad34425a-2298-40d1-8728-e06238c82a90/compiler/qnx650_520/host/win32/x86/usr/bin/../lib/gcc/i486-pc-nto-qnx6.5.0/5.2.0/crtbegin.o
 .eh_frame      0x000000000804baa0       0x64 mdladapter_mdlfunctions.o86
 .eh_frame      0x000000000804bb04       0x20 data_out_ap.o86
                                         0x34 (size before relaxing)
 .eh_frame      0x000000000804bb24       0x28 fm_entry_ap.o86
                                         0x3c (size before relaxing)
 .eh_frame      0x000000000804bb4c       0x28 fm_exit_ap.o86
                                         0x3c (size before relaxing)
 .eh_frame      0x000000000804bb74      0x49c dssimengine_accesspoint.o86
                                        0x4b0 (size before relaxing)
 .eh_frame      0x000000000804c010       0x70 dssimengine_api.o86
                                         0x84 (size before relaxing)
 .eh_frame      0x000000000804c080      0x268 dssimengine_main.o86
 .eh_frame      0x000000000804c2e8      0x49c rtosal_task.o86
                                        0x4b8 (size before relaxing)
 .eh_frame      0x000000000804c784       0x38 rtosal_taskap.o86
                                         0x4c (size before relaxing)
 .eh_frame      0x000000000804c7bc      0x278 rtosal_simengineap.o86
                                        0x28c (size before relaxing)
 .eh_frame      0x000000000804ca34       0x2c IOCode_Data.o86
                                         0x40 (size before relaxing)
 .eh_frame      0x000000000804ca60      0x12c dssimengine_accesspoint_Voltage_Out.o86
                                        0x140 (size before relaxing)
 .eh_frame      0x000000000804cb8c      0x1e8 D:\github\dspace-modelica-example\dSpacePlayAround\SineWave\Components\sine\sine_dsrt\sine.a(sine_dsrtmdlfcn.o86)
                                        0x1fc (size before relaxing)
 .eh_frame      0x000000000804cd74       0x20 D:\github\dspace-modelica-example\dSpacePlayAround\SineWave\Components\sine\sine_dsrt\sine.a(sine_dsrttf.o86)
                                         0x34 (size before relaxing)
 .eh_frame      0x000000000804cd94       0xa4 D:\github\dspace-modelica-example\dSpacePlayAround\SineWave\Components\sine\sine_dsrt\sine.a(sine.o86)
                                         0xb8 (size before relaxing)
 .eh_frame      0x000000000804ce38       0x20 D:\github\dspace-modelica-example\dSpacePlayAround\SineWave\Components\sine\sine_dsrt\sine.a(sine_dsrtvdf.o86)
                                         0x34 (size before relaxing)
 .eh_frame      0x000000000804ce58        0x4 c:/programdata/dspace/ad34425a-2298-40d1-8728-e06238c82a90/compiler/qnx650_520/host/win32/x86/usr/bin/../lib/gcc/i486-pc-nto-qnx6.5.0/5.2.0/crtend.o

.gcc_except_table
                0x000000000804ce5c       0x20
 *(.gcc_except_table .gcc_except_table.*)
 .gcc_except_table
                0x000000000804ce5c       0x10 dssimengine_main.o86
 .gcc_except_table
                0x000000000804ce6c       0x10 rtosal_task.o86

.exception_ranges
 *(.exception_ranges .exception_ranges*)
                0x000000000804ce7c                . = (ALIGN (0x1000) - ((0x1000 - .) & 0xfff))
                0x000000000804d000                . = DATA_SEGMENT_ALIGN (0x1000, 0x1000)

.eh_frame
 *(.eh_frame)

.gcc_except_table
 *(.gcc_except_table .gcc_except_table.*)

.exception_ranges
 *(.exception_ranges .exception_ranges*)

.tdata
 *(.tdata .tdata.* .gnu.linkonce.td.*)

.tbss
 *(.tbss .tbss.* .gnu.linkonce.tb.*)
 *(.tcommon)

.preinit_array  0x000000000804d000        0x0
                0x000000000804d000                PROVIDE (__preinit_array_start, .)
 *(.preinit_array)
                0x000000000804d000                PROVIDE (__preinit_array_end, .)

.init_array     0x000000000804d000        0x0
                0x000000000804d000                PROVIDE (__init_array_start, .)
 *(SORT(.init_array.*))
 *(.init_array)
                0x000000000804d000                PROVIDE (__init_array_end, .)

.fini_array     0x000000000804d000        0x0
                0x000000000804d000                PROVIDE (__fini_array_start, .)
 *(SORT(.fini_array.*))
 *(.fini_array)
                0x000000000804d000                PROVIDE (__fini_array_end, .)

.ctors          0x000000000804d000       0x18
 *crtbegin.o(.ctors)
 .ctors         0x000000000804d000        0x4 c:/programdata/dspace/ad34425a-2298-40d1-8728-e06238c82a90/compiler/qnx650_520/host/win32/x86/usr/bin/../lib/gcc/i486-pc-nto-qnx6.5.0/5.2.0/crtbegin.o
 *crtbegin?.o(.ctors)
 *(EXCLUDE_FILE(*crtend?.o *crtend.o) .ctors)
 .ctors         0x000000000804d004        0x8 dssimengine_main.o86
 .ctors         0x000000000804d00c        0x4 rtosal_simengineap.o86
 .ctors         0x000000000804d010        0x4 IOCode_Data.o86
 *(SORT(.ctors.*))
 *(.ctors)
 .ctors         0x000000000804d014        0x4 c:/programdata/dspace/ad34425a-2298-40d1-8728-e06238c82a90/compiler/qnx650_520/host/win32/x86/usr/bin/../lib/gcc/i486-pc-nto-qnx6.5.0/5.2.0/crtend.o

.dtors          0x000000000804d018        0x8
 *crtbegin.o(.dtors)
 .dtors         0x000000000804d018        0x4 c:/programdata/dspace/ad34425a-2298-40d1-8728-e06238c82a90/compiler/qnx650_520/host/win32/x86/usr/bin/../lib/gcc/i486-pc-nto-qnx6.5.0/5.2.0/crtbegin.o
 *crtbegin?.o(.dtors)
 *(EXCLUDE_FILE(*crtend?.o *crtend.o) .dtors)
 *(SORT(.dtors.*))
 *(.dtors)
 .dtors         0x000000000804d01c        0x4 c:/programdata/dspace/ad34425a-2298-40d1-8728-e06238c82a90/compiler/qnx650_520/host/win32/x86/usr/bin/../lib/gcc/i486-pc-nto-qnx6.5.0/5.2.0/crtend.o
                0x000000000804d01c                __DTOR_END__

.jcr            0x000000000804d020        0x4
 *(.jcr)
 .jcr           0x000000000804d020        0x0 c:/programdata/dspace/ad34425a-2298-40d1-8728-e06238c82a90/compiler/qnx650_520/host/win32/x86/usr/bin/../lib/gcc/i486-pc-nto-qnx6.5.0/5.2.0/crtbegin.o
 .jcr           0x000000000804d020        0x4 c:/programdata/dspace/ad34425a-2298-40d1-8728-e06238c82a90/compiler/qnx650_520/host/win32/x86/usr/bin/../lib/gcc/i486-pc-nto-qnx6.5.0/5.2.0/crtend.o

.data.rel.ro
 *(.data.rel.ro.local* .gnu.linkonce.d.rel.ro.local.*)
 *(.data.rel.ro .data.rel.ro.* .gnu.linkonce.d.rel.ro.*)

.dynamic        0x000000000804d024       0xf0
 *(.dynamic)
 .dynamic       0x000000000804d024       0xf0 C:\ProgramData\dSPACE\ad34425a-2298-40d1-8728-e06238c82a90\Compiler\QNX650_520\target\qnx6/x86/lib/crt1.o
                0x000000000804d024                _DYNAMIC
                0x000000000804d114                . = DATA_SEGMENT_RELRO_END (., 0x0)

.data           0x000000000804d120       0xf8
 *(.data .data.* .gnu.linkonce.d.*)
 .data          0x000000000804d120        0x0 C:\ProgramData\dSPACE\ad34425a-2298-40d1-8728-e06238c82a90\Compiler\QNX650_520\target\qnx6/x86/lib/crt1.o
 .data          0x000000000804d120        0x0 C:\ProgramData\dSPACE\ad34425a-2298-40d1-8728-e06238c82a90\Compiler\QNX650_520\target\qnx6/x86/lib/crti.o
 .data          0x000000000804d120        0x0 c:/programdata/dspace/ad34425a-2298-40d1-8728-e06238c82a90/compiler/qnx650_520/host/win32/x86/usr/bin/../lib/gcc/i486-pc-nto-qnx6.5.0/5.2.0/crtbegin.o
 .data.rel.local
                0x000000000804d120        0x4 c:/programdata/dspace/ad34425a-2298-40d1-8728-e06238c82a90/compiler/qnx650_520/host/win32/x86/usr/bin/../lib/gcc/i486-pc-nto-qnx6.5.0/5.2.0/crtbegin.o
                0x000000000804d120                __dso_handle
 .data          0x000000000804d124        0x0 mdladapter_mdlfunctions.o86
 .data          0x000000000804d124        0x0 mdlCode_ap.o86
 .data          0x000000000804d124        0x0 data_in_ap.o86
 .data          0x000000000804d124        0x0 data_out_ap.o86
 .data          0x000000000804d124        0x0 fm_entry_ap.o86
 .data          0x000000000804d124        0x0 fm_exit_ap.o86
 .data          0x000000000804d124        0x1 dssimengine_accesspoint.o86
                0x000000000804d124                isFirstSimulation
 .data          0x000000000804d125        0x0 dssimengine_api.o86
 *fill*         0x000000000804d125       0x1b 
 .data          0x000000000804d140       0x34 dssimengine_main.o86
                0x000000000804d140                ApplInfoDsCApplicationMain
                0x000000000804d168                DsFwIfVersion
                0x000000000804d16c                DsApplIfVersion
                0x000000000804d170                SimEngineLastApplState
 .data          0x000000000804d174        0x0 rtosal_task.o86
 .data          0x000000000804d174        0x0 rtosal_taskap.o86
 *fill*         0x000000000804d174        0x4 
 .data          0x000000000804d178       0x10 rtosal_simengineap.o86
                0x000000000804d178                ScalingFactor
                0x000000000804d180                g_dsrtt_comm_enabled
 *fill*         0x000000000804d188       0x18 
 .data          0x000000000804d1a0       0x34 IOCode_Data.o86
                0x000000000804d1a0                g_ResourceMap
 .data          0x000000000804d1d4        0x0 dssimengine_accesspoint_Voltage_Out.o86
 .data          0x000000000804d1d4        0x0 D:\github\dspace-modelica-example\dSpacePlayAround\SineWave\Components\sine\sine_dsrt\sine.a(sine_dsrtmdlfcn.o86)
 .data          0x000000000804d1d4        0x0 D:\github\dspace-modelica-example\dSpacePlayAround\SineWave\Components\sine\sine_dsrt\sine.a(sine_dsrttf.o86)
 .data          0x000000000804d1d4        0x0 D:\github\dspace-modelica-example\dSpacePlayAround\SineWave\Components\sine\sine_dsrt\sine.a(sine.o86)
 *fill*         0x000000000804d1d4        0xc 
 .data          0x000000000804d1e0       0x38 D:\github\dspace-modelica-example\dSpacePlayAround\SineWave\Components\sine\sine_dsrt\sine.a(sine_data.o86)
                0x000000000804d1e0                sine_P
 .data          0x000000000804d218        0x0 D:\github\dspace-modelica-example\dSpacePlayAround\SineWave\Components\sine\sine_dsrt\sine.a(sine_dsrtvdf.o86)
 .data          0x000000000804d218        0x0 C:\Program Files\dSPACE RCPHIL 2020-A\SCALEXIO\Lib\libm_fastpow.a(w_pow.o)
 .data          0x000000000804d218        0x0 C:\Program Files\dSPACE RCPHIL 2020-A\SCALEXIO\Lib\libm_fastpow.a(e_pow.o)
 .data          0x000000000804d218        0x0 c:/programdata/dspace/ad34425a-2298-40d1-8728-e06238c82a90/compiler/qnx650_520/host/win32/x86/usr/bin/../lib/gcc/i486-pc-nto-qnx6.5.0/5.2.0/crtend.o
 .data          0x000000000804d218        0x0 C:\ProgramData\dSPACE\ad34425a-2298-40d1-8728-e06238c82a90\Compiler\QNX650_520\target\qnx6/x86/lib/crtn.o

.tm_clone_table
                0x000000000804d218        0x0
 .tm_clone_table
                0x000000000804d218        0x0 c:/programdata/dspace/ad34425a-2298-40d1-8728-e06238c82a90/compiler/qnx650_520/host/win32/x86/usr/bin/../lib/gcc/i486-pc-nto-qnx6.5.0/5.2.0/crtbegin.o
 .tm_clone_table
                0x000000000804d218        0x0 c:/programdata/dspace/ad34425a-2298-40d1-8728-e06238c82a90/compiler/qnx650_520/host/win32/x86/usr/bin/../lib/gcc/i486-pc-nto-qnx6.5.0/5.2.0/crtend.o

.data1
 *(.data1)

.got            0x000000000804d218      0x104
 *(.got.plt)
 .got.plt       0x000000000804d218       0xec C:\ProgramData\dSPACE\ad34425a-2298-40d1-8728-e06238c82a90\Compiler\QNX650_520\target\qnx6/x86/lib/crt1.o
                0x000000000804d218                _GLOBAL_OFFSET_TABLE_
 *(.igot.plt)
 .igot.plt      0x000000000804d304        0x0 C:\ProgramData\dSPACE\ad34425a-2298-40d1-8728-e06238c82a90\Compiler\QNX650_520\target\qnx6/x86/lib/crt1.o
 *(.got)
 .got           0x000000000804d304       0x18 C:\ProgramData\dSPACE\ad34425a-2298-40d1-8728-e06238c82a90\Compiler\QNX650_520\target\qnx6/x86/lib/crt1.o
 *(.igot)

.sdata
 *(.sdata .sdata.* .gnu.linkonce.s.*)
                0x000000000804d31c                _edata = .
                [!provide]                        PROVIDE (edata, .)
                0x000000000804d31c                . = .
                0x000000000804d31c                __bss_start = .

.sbss
 *(.dynsbss)
 *(.sbss .sbss.* .gnu.linkonce.sb.*)
 *(.scommon)

.bss            0x000000000804d320      0x180
 *(.dynbss)
 .dynbss        0x000000000804d320       0x5c C:\ProgramData\dSPACE\ad34425a-2298-40d1-8728-e06238c82a90\Compiler\QNX650_520\target\qnx6/x86/lib/crt1.o
                0x000000000804d320                errno
                0x000000000804d324                _ZTI7DsCTask
                0x000000000804d340                _ZTI14DsCApplication
                0x000000000804d350                _ZTVN10__cxxabiv120__si_class_type_infoE
 *(.bss .bss.* .gnu.linkonce.b.*)
 .bss           0x000000000804d37c        0x0 C:\ProgramData\dSPACE\ad34425a-2298-40d1-8728-e06238c82a90\Compiler\QNX650_520\target\qnx6/x86/lib/crt1.o
 .bss           0x000000000804d37c        0x0 C:\ProgramData\dSPACE\ad34425a-2298-40d1-8728-e06238c82a90\Compiler\QNX650_520\target\qnx6/x86/lib/crti.o
 .bss           0x000000000804d37c       0x20 c:/programdata/dspace/ad34425a-2298-40d1-8728-e06238c82a90/compiler/qnx650_520/host/win32/x86/usr/bin/../lib/gcc/i486-pc-nto-qnx6.5.0/5.2.0/crtbegin.o
 .bss           0x000000000804d39c        0x0 mdladapter_mdlfunctions.o86
 .bss           0x000000000804d39c        0x0 mdlCode_ap.o86
 .bss           0x000000000804d39c        0x0 data_in_ap.o86
 .bss           0x000000000804d39c        0x0 data_out_ap.o86
 .bss           0x000000000804d39c        0x0 fm_entry_ap.o86
 .bss           0x000000000804d39c        0x0 fm_exit_ap.o86
 .bss           0x000000000804d39c       0x30 dssimengine_accesspoint.o86
                0x000000000804d39c                xilApiEesPortTrigger
                0x000000000804d3a0                xilApiEesPortFlags
                0x000000000804d3a4                pXilApiEesPortErrorSwitching
                0x000000000804d3a8                pXilApiEesPortErrorActivated
                0x000000000804d3ac                pXilApiEesPortActiveErrorSet
                0x000000000804d3b0                pFailureSimulationRelaySwitching
                0x000000000804d3b4                pFailureSimulationSequenceCount
                0x000000000804d3b8                pFailureSimulationFailureActivated
                0x000000000804d3bc                pFailureSimulationFailureConfigured
                0x000000000804d3c0                pFailureSimulationClientConnected
                0x000000000804d3c4                pFuseRestoreRequest
                0x000000000804d3c8                pFuseActualStatus
 .bss           0x000000000804d3cc        0x0 dssimengine_api.o86
 .bss           0x000000000804d3cc        0x8 dssimengine_main.o86
                0x000000000804d3cc                _ZN18DsCApplicationMain11s_pInstanceE
                0x000000000804d3d0                ErrorList
 *fill*         0x000000000804d3d4        0x4 
 .bss           0x000000000804d3d8       0x1c rtosal_task.o86
                0x000000000804d3d8                StepCounter_Periodic_Task_1
                0x000000000804d3e0                RtosAlTaskSimTime_Periodic_Task_1
                0x000000000804d3e8                pRtosAlTimer_Periodic_Task_1
                0x000000000804d3ec                pRtosAlPeriodic_Task_1
                0x000000000804d3f0                _ZN24DsCRtosAlPeriodic_Task_111m_pInstanceE
 .bss           0x000000000804d3f4        0x0 rtosal_taskap.o86
 *fill*         0x000000000804d3f4        0xc 
 .bss           0x000000000804d400       0x50 rtosal_simengineap.o86
                0x000000000804d400                Periodic_Task_1Vars
                0x000000000804d400                Periodic_Task_1Vars_OvnCounter
                0x000000000804d404                Periodic_Task_1Vars_TurnaroundTime
                0x000000000804d40c                Periodic_Task_1Vars_Calls
                0x000000000804d414                Periodic_Task_1Vars_QueueCounter
                0x000000000804d418                Periodic_Task_1Vars_AbsoluteTime
                0x000000000804d448                ScaledTimeInterval
 .bss           0x000000000804d450        0x8 IOCode_Data.o86
                0x000000000804d450                sine_fcnModule_SIDRoot_TID0
                0x000000000804d454                pVoltageOut_DriverHandle
 .bss           0x000000000804d458        0x0 dssimengine_accesspoint_Voltage_Out.o86
 .bss           0x000000000804d458        0x4 D:\github\dspace-modelica-example\dSpacePlayAround\SineWave\Components\sine\sine_dsrt\sine.a(sine_dsrtmdlfcn.o86)
                0x000000000804d458                DSRTStopSimulation
 .bss           0x000000000804d45c        0x0 D:\github\dspace-modelica-example\dSpacePlayAround\SineWave\Components\sine\sine_dsrt\sine.a(sine_dsrttf.o86)
 *fill*         0x000000000804d45c        0x4 
 .bss           0x000000000804d460       0x30 D:\github\dspace-modelica-example\dSpacePlayAround\SineWave\Components\sine\sine_dsrt\sine.a(sine.o86)
                0x000000000804d460                sine_M_
                0x000000000804d470                sine_DW
                0x000000000804d488                sine_B
 .bss           0x000000000804d490        0x0 D:\github\dspace-modelica-example\dSpacePlayAround\SineWave\Components\sine\sine_dsrt\sine.a(sine_data.o86)
 .bss           0x000000000804d490       0x10 D:\github\dspace-modelica-example\dSpacePlayAround\SineWave\Components\sine\sine_dsrt\sine.a(sine_dsrtvdf.o86)
                0x000000000804d490                p_0_sine_real_T_0
                0x000000000804d494                p_1_sine_real_T_0
                0x000000000804d498                p_2_sine_real_T_0
                0x000000000804d49c                p_2_sine_int32_T_1
 .bss           0x000000000804d4a0        0x0 C:\Program Files\dSPACE RCPHIL 2020-A\SCALEXIO\Lib\libm_fastpow.a(w_pow.o)
 .bss           0x000000000804d4a0        0x0 C:\Program Files\dSPACE RCPHIL 2020-A\SCALEXIO\Lib\libm_fastpow.a(e_pow.o)
 .bss           0x000000000804d4a0        0x0 c:/programdata/dspace/ad34425a-2298-40d1-8728-e06238c82a90/compiler/qnx650_520/host/win32/x86/usr/bin/../lib/gcc/i486-pc-nto-qnx6.5.0/5.2.0/crtend.o
 .bss           0x000000000804d4a0        0x0 C:\ProgramData\dSPACE\ad34425a-2298-40d1-8728-e06238c82a90\Compiler\QNX650_520\target\qnx6/x86/lib/crtn.o
 *(COMMON)
                0x000000000804d4a0                . = ALIGN ((. != 0x0)?0x4:0x1)
                0x000000000804d4a0                . = ALIGN (0x4)
                0x000000000804d4a0                . = SEGMENT_START ("ldata-segment", .)
                0x000000000804d4a0                . = ALIGN (0x4)
                0x000000000804d4a0                _end = .
                [!provide]                        PROVIDE (end, .)
                0x000000000804d4a0                . = DATA_SEGMENT_END (.)

.stab
 *(.stab)

.stabstr
 *(.stabstr)

.stab.excl
 *(.stab.excl)

.stab.exclstr
 *(.stab.exclstr)

.stab.index
 *(.stab.index)

.stab.indexstr
 *(.stab.indexstr)

.comment        0x0000000000000000       0x35
 *(.comment)
 .comment       0x0000000000000000       0x11 c:/programdata/dspace/ad34425a-2298-40d1-8728-e06238c82a90/compiler/qnx650_520/host/win32/x86/usr/bin/../lib/gcc/i486-pc-nto-qnx6.5.0/5.2.0/crtbegin.o
                                         0x12 (size before relaxing)
 .comment       0x0000000000000011       0x12 mdladapter_mdlfunctions.o86
 .comment       0x0000000000000011       0x12 mdlCode_ap.o86
 .comment       0x0000000000000011       0x12 data_in_ap.o86
 .comment       0x0000000000000011       0x12 data_out_ap.o86
 .comment       0x0000000000000011       0x12 fm_entry_ap.o86
 .comment       0x0000000000000011       0x12 fm_exit_ap.o86
 .comment       0x0000000000000011       0x12 dssimengine_accesspoint.o86
 .comment       0x0000000000000011       0x12 dssimengine_api.o86
 .comment       0x0000000000000011       0x12 dssimengine_main.o86
 .comment       0x0000000000000011       0x12 rtosal_task.o86
 .comment       0x0000000000000011       0x12 rtosal_taskap.o86
 .comment       0x0000000000000011       0x12 rtosal_simengineap.o86
 .comment       0x0000000000000011       0x12 IOCode_Data.o86
 .comment       0x0000000000000011       0x12 dssimengine_accesspoint_Voltage_Out.o86
 .comment       0x0000000000000011       0x12 D:\github\dspace-modelica-example\dSpacePlayAround\SineWave\Components\sine\sine_dsrt\sine.a(sine_dsrtmdlfcn.o86)
 .comment       0x0000000000000011       0x12 D:\github\dspace-modelica-example\dSpacePlayAround\SineWave\Components\sine\sine_dsrt\sine.a(sine_dsrttf.o86)
 .comment       0x0000000000000011       0x12 D:\github\dspace-modelica-example\dSpacePlayAround\SineWave\Components\sine\sine_dsrt\sine.a(sine.o86)
 .comment       0x0000000000000011       0x12 D:\github\dspace-modelica-example\dSpacePlayAround\SineWave\Components\sine\sine_dsrt\sine.a(sine_data.o86)
 .comment       0x0000000000000011       0x12 D:\github\dspace-modelica-example\dSpacePlayAround\SineWave\Components\sine\sine_dsrt\sine.a(sine_dsrtvdf.o86)
 .comment       0x0000000000000011       0x12 C:\Program Files\dSPACE RCPHIL 2020-A\SCALEXIO\Lib\libm_fastpow.a(w_pow.o)
 .comment       0x0000000000000023       0x12 C:\Program Files\dSPACE RCPHIL 2020-A\SCALEXIO\Lib\libm_fastpow.a(e_pow.o)
 .comment       0x0000000000000035       0x12 c:/programdata/dspace/ad34425a-2298-40d1-8728-e06238c82a90/compiler/qnx650_520/host/win32/x86/usr/bin/../lib/gcc/i486-pc-nto-qnx6.5.0/5.2.0/crtend.o

.debug
 *(.debug)

.line
 *(.line)

.debug_srcinfo
 *(.debug_srcinfo)

.debug_sfnames
 *(.debug_sfnames)

.debug_aranges
 *(.debug_aranges)

.debug_pubnames
 *(.debug_pubnames)

.debug_info
 *(.debug_info .gnu.linkonce.wi.*)

.debug_abbrev
 *(.debug_abbrev)

.debug_line
 *(.debug_line .debug_line.* .debug_line_end)

.debug_frame
 *(.debug_frame)

.debug_str
 *(.debug_str)

.debug_loc
 *(.debug_loc)

.debug_macinfo
 *(.debug_macinfo)

.debug_weaknames
 *(.debug_weaknames)

.debug_funcnames
 *(.debug_funcnames)

.debug_typenames
 *(.debug_typenames)

.debug_varnames
 *(.debug_varnames)

.debug_pubtypes
 *(.debug_pubtypes)

.debug_ranges
 *(.debug_ranges)

.debug_macro
 *(.debug_macro)

.gnu.attributes
 *(.gnu.attributes)

/DISCARD/
 *(.note.GNU-stack)
 *(.gnu_debuglink)
 *(.gnu.lto_*)
OUTPUT(sine.x86 elf32-i386)
